../Core/Src/main.c:94:6:mystrcat	24	static
../Core/Src/main.c:102:6:intToStr	32	static
../Core/Src/main.c:115:6:removeCharacter	16	static
../Core/Src/main.c:125:6:fixInput	24	static
../Core/Src/main.c:135:6:UART_SEND	16	static
../Core/Src/main.c:139:5:validCoordinates	32	static
../Core/Src/main.c:153:5:charToNumber	16	static
../Core/Src/main.c:157:7:strToFloat	64	static
../Core/Src/main.c:194:6:extractCoordinates	64	static
../Core/Src/main.c:226:5:main	80	static
../Core/Src/main.c:309:6:SystemClock_Config	72	static
../Core/Src/main.c:346:13:MX_USART1_UART_Init	8	static
../Core/Src/main.c:379:13:MX_GPIO_Init	16	static
../Core/Src/main.c:389:6:HAL_UART_RxCpltCallback	72	static
../Core/Src/main.c:446:6:Error_Handler	4	static,ignoring_inline_asm
