../Core/Src/main.c:89:6:mystrcat	24	static
../Core/Src/main.c:96:6:intToStr	32	static
../Core/Src/main.c:109:6:removeCharacter	16	static
../Core/Src/main.c:119:6:fixInput	24	static
../Core/Src/main.c:129:6:UART_SEND	16	static
../Core/Src/main.c:133:5:validCoordinates	32	static
../Core/Src/main.c:147:5:charToNumber	16	static
../Core/Src/main.c:161:8:strToFloat	64	static
../Core/Src/main.c:199:6:extractCoordinates	64	static
../Core/Src/main.c:226:6:reverse	32	static
../Core/Src/main.c:242:5:intToStr2	32	static
../Core/Src/main.c:261:6:ftoa	48	static
../Core/Src/main.c:290:5:main	16	static
../Core/Src/main.c:363:6:SystemClock_Config	72	static
../Core/Src/main.c:397:13:MX_USART1_UART_Init	8	static
../Core/Src/main.c:428:13:MX_GPIO_Init	40	static
../Core/Src/main.c:449:6:HAL_UART_RxCpltCallback	72	static
../Core/Src/main.c:502:6:Error_Handler	4	static,ignoring_inline_asm
